
> schedra@0.0.0 build
> vite build

node.exe : [33mYou 
are using Node.js 
22.11.0. Vite 
requires Node.js 
version 20.19+ or 
22.12+. Please 
upgrade your Node.js 
version.[39m
At C:\Program Files\n
odejs\npm.ps1:29 
char:3
+   & $NODE_EXE 
$NPM_CLI_JS $args
+   ~~~~~~~~~~~~~~~~~
~~~~~~~~~~~~
    + CategoryInfo   
           : NotSpe  
  cified: ([33mYo   
 u are us...s ver    
sion.[39m:Strin    
g) [], RemoteExc    
eption
    + FullyQualified 
   ErrorId : Native  
  CommandError
 
[36mvite v7.3.0 [32mbuilding client environment for production...[36m[39m
transforming...
[33mnode_modules/gan
tt-task-react/dist/in
dex.modern.js 
(1012:24): A comment

"/*#__PURE__*/"

in "node_modules/gant
t-task-react/dist/ind
ex.modern.js" 
contains an 
annotation that 
Rollup cannot 
interpret due to the 
position of the 
comment. The comment 
will be removed to 
avoid issues.[39m
[33mnode_modules/gan
tt-task-react/dist/in
dex.modern.js 
(1014:29): A comment

"/*#__PURE__*/"

in "node_modules/gant
t-task-react/dist/ind
ex.modern.js" 
contains an 
annotation that 
Rollup cannot 
interpret due to the 
position of the 
comment. The comment 
will be removed to 
avoid issues.[39m
[32mΓ£ô[39m 1893 modules transformed.
[31mΓ£ù[39m Build 
failed in 4.93s
[31merror during 
build:
[31m[vite]: Rollup 
failed to resolve 
import "react-is" 
from "D:/DYPCOE/Addit
ional/WEB/Projects/Sc
hedra/node_modules/re
charts/es6/util/React
Utils.js".
This is most likely 
unintended because 
it can break your 
application at 
runtime.
If you do want to 
externalize this 
module explicitly 
add it to
`build.rollupOptions.
external`[31m
    at viteLog (file:
///D:/DYPCOE/Addition
al/WEB/Projects/Sched
ra/node_modules/vite/
dist/node/chunks/conf
ig.js:33634:57)
    at file:///D:/DYP
COE/Additional/WEB/Pr
ojects/Schedra/node_m
odules/vite/dist/node
/chunks/config.js:336
68:73
    at onwarn (file:/
//D:/DYPCOE/Additiona
l/WEB/Projects/Schedr
a/node_modules/@vitej
s/plugin-react-swc/in
dex.js:76:7)
    at file:///D:/DYP
COE/Additional/WEB/Pr
ojects/Schedra/node_m
odules/vite/dist/node
/chunks/config.js:336
68:28
    at onRollupLog (f
ile:///D:/DYPCOE/Addi
tional/WEB/Projects/S
chedra/node_modules/v
ite/dist/node/chunks/
config.js:33663:63)
    at onLog (file://
/D:/DYPCOE/Additional
/WEB/Projects/Schedra
/node_modules/vite/di
st/node/chunks/config
.js:33466:4)
    at file:///D:/DYP
COE/Additional/WEB/Pr
ojects/Schedra/node_m
odules/rollup/dist/es
/shared/node-entry.js
:21004:32
    at Object.logger 
[as onLog] (file:///D
:/DYPCOE/Additional/W
EB/Projects/Schedra/n
ode_modules/rollup/di
st/es/shared/node-ent
ry.js:22891:9)
    at ModuleLoader.h
andleInvalidResolvedI
d (file:///D:/DYPCOE/
Additional/WEB/Projec
ts/Schedra/node_modul
es/rollup/dist/es/sha
red/node-entry.js:216
35:26)
    at file:///D:/DYP
COE/Additional/WEB/Pr
ojects/Schedra/node_m
odules/rollup/dist/es
/shared/node-entry.js
:21593:26[39m
